abtt D=[8, 32, 64, 128]: fit on 25,000 experimental train spectra
Loading weights:   0%|          | 0/330 [00:00<?, ?it/s]Loading weights:  26%|██▌       | 85/330 [00:00<00:00, 712.52it/s]Loading weights:  48%|████▊     | 157/330 [00:00<00:01, 139.12it/s]Loading weights:  58%|█████▊    | 192/330 [00:01<00:01, 126.66it/s]Loading weights:  65%|██████▌   | 216/330 [00:01<00:01, 99.02it/s] Loading weights:  71%|███████   | 233/330 [00:01<00:00, 98.36it/s]Loading weights:  75%|███████▍  | 247/330 [00:02<00:00, 91.31it/s]Loading weights:  78%|███████▊  | 259/330 [00:02<00:00, 73.16it/s]Loading weights:  81%|████████  | 268/330 [00:02<00:00, 70.39it/s]Loading weights:  88%|████████▊ | 291/330 [00:02<00:00, 90.42it/s]Loading weights:  92%|█████████▏| 303/330 [00:03<00:00, 75.31it/s]Loading weights:  95%|█████████▍| 313/330 [00:03<00:00, 76.33it/s]Loading weights: 100%|██████████| 330/330 [00:03<00:00, 105.51it/s]
    block00: raw 0.0005  D8 0.0025  D32 0.0004  D64 0.0002  D128 0.0002  (2688s)
    block01: raw 0.0129  D8 0.2457  D32 0.3447  D64 0.3678  D128 0.3931  (2691s)
    block02: raw 0.0280  D8 0.3581  D32 0.4503  D64 0.4894  D128 0.5123  (2695s)
    block03: raw 0.0412  D8 0.3778  D32 0.4678  D64 0.5041  D128 0.5285  (2698s)
    block04: raw 0.0683  D8 0.4396  D32 0.5054  D64 0.5344  D128 0.5622  (2701s)
    block05: raw 0.1034  D8 0.4918  D32 0.5551  D64 0.5790  D128 0.6014  (2705s)
    block06: raw 0.1399  D8 0.5216  D32 0.5910  D64 0.6140  D128 0.6361  (2708s)
    block07: raw 0.1936  D8 0.5626  D32 0.6293  D64 0.6513  D128 0.6664  (2711s)
    block08: raw 0.2332  D8 0.5807  D32 0.6486  D64 0.6701  D128 0.6817  (2715s)
    block09: raw 0.2706  D8 0.5863  D32 0.6578  D64 0.6766  D128 0.6877  (2718s)
    block10: raw 0.3042  D8 0.5801  D32 0.6469  D64 0.6675  D128 0.6806  (2721s)
    block11: raw 0.3436  D8 0.5841  D32 0.6435  D64 0.6649  D128 0.6779  (2724s)
    block12: raw 0.3911  D8 0.6069  D32 0.6509  D64 0.6713  D128 0.6860  (2728s)
    block13: raw 0.4560  D8 0.6435  D32 0.6782  D64 0.6962  D128 0.7074  (2731s)
    block14: raw 0.4881  D8 0.6523  D32 0.6820  D64 0.6975  D128 0.7089  (2734s)
    block15: raw 0.5068  D8 0.6486  D32 0.6782  D64 0.6933  D128 0.7038  (2738s)
    block16: raw 0.5101  D8 0.6398  D32 0.6674  D64 0.6818  D128 0.6916  (2741s)
    block17: raw 0.4979  D8 0.6254  D32 0.6532  D64 0.6686  D128 0.6777  (2744s)
    block18: raw 0.4775  D8 0.6042  D32 0.6388  D64 0.6527  D128 0.6639  (2748s)
    block19: raw 0.4369  D8 0.5742  D32 0.6177  D64 0.6353  D128 0.6475  (2751s)
    block20: raw 0.3559  D8 0.5403  D32 0.5991  D64 0.6194  D128 0.6328  (2755s)
    final: raw 0.3547  D8 0.5302  D32 0.5743  D64 0.5851  D128 0.5836  (2758s)
  zs_400m_ck220k (2758s): final 0.3547  best block16 0.5101
