abtt D=[8, 32, 64, 128]: fit on 25,000 experimental train spectra
Loading weights:   0%|          | 0/266 [00:00<?, ?it/s]Loading weights:  25%|██▌       | 67/266 [00:00<00:00, 347.22it/s]Loading weights:  38%|███▊      | 102/266 [00:00<00:00, 218.08it/s]Loading weights:  47%|████▋     | 125/266 [00:00<00:00, 198.92it/s]Loading weights:  55%|█████▍    | 145/266 [00:00<00:00, 197.55it/s]Loading weights:  62%|██████▏   | 165/266 [00:00<00:00, 171.76it/s]Loading weights:  69%|██████▉   | 184/266 [00:00<00:00, 173.89it/s]Loading weights:  76%|███████▌  | 202/266 [00:01<00:00, 121.50it/s]Loading weights:  81%|████████  | 216/266 [00:01<00:00, 112.39it/s]Loading weights:  86%|████████▋ | 230/266 [00:01<00:00, 111.35it/s]Loading weights: 100%|██████████| 266/266 [00:01<00:00, 169.02it/s]
    block00: raw 0.0004  D8 0.0030  D32 0.0008  D64 0.0002  D128 0.0002  (1888s)
    block01: raw 0.0108  D8 0.2387  D32 0.3204  D64 0.3591  D128 0.3885  (1891s)
    block02: raw 0.0250  D8 0.2605  D32 0.3511  D64 0.3826  D128 0.4182  (1894s)
    block03: raw 0.0313  D8 0.2188  D32 0.3076  D64 0.3417  D128 0.3849  (1897s)
    block04: raw 0.0448  D8 0.2424  D32 0.3415  D64 0.3749  D128 0.4110  (1901s)
    block05: raw 0.0695  D8 0.2958  D32 0.3975  D64 0.4312  D128 0.4603  (1904s)
    block06: raw 0.0874  D8 0.3010  D32 0.4153  D64 0.4524  D128 0.4839  (1907s)
    block07: raw 0.1168  D8 0.3313  D32 0.4517  D64 0.4872  D128 0.5164  (1910s)
    block08: raw 0.1568  D8 0.3754  D32 0.4902  D64 0.5298  D128 0.5577  (1913s)
    block09: raw 0.2080  D8 0.4398  D32 0.5386  D64 0.5747  D128 0.5970  (1917s)
    block10: raw 0.2537  D8 0.4942  D32 0.5776  D64 0.6087  D128 0.6262  (1919s)
    block11: raw 0.3027  D8 0.5378  D32 0.6074  D64 0.6361  D128 0.6511  (1922s)
    block12: raw 0.3257  D8 0.5455  D32 0.6135  D64 0.6383  D128 0.6540  (1924s)
    block13: raw 0.3389  D8 0.5451  D32 0.6097  D64 0.6346  D128 0.6492  (1927s)
    block14: raw 0.3206  D8 0.5161  D32 0.5869  D64 0.6147  D128 0.6297  (1929s)
    block15: raw 0.2976  D8 0.4764  D32 0.5576  D64 0.5884  D128 0.6052  (1932s)
    block16: raw 0.2284  D8 0.4008  D32 0.5134  D64 0.5462  D128 0.5674  (1934s)
    final: raw 0.2210  D8 0.3960  D32 0.4877  D64 0.5110  D128 0.5101  (1936s)
  zs_200m_ck540k (1936s): final 0.2210  best block13 0.3389
