abtt D=[8, 32, 64, 128]: fit on 25,000 experimental train spectra
Loading weights:   0%|          | 0/266 [00:00<?, ?it/s]Loading weights:  27%|██▋       | 71/266 [00:00<00:00, 440.57it/s]Loading weights:  44%|████▎     | 116/266 [00:00<00:00, 291.15it/s]Loading weights:  55%|█████▌    | 147/266 [00:00<00:00, 174.79it/s]Loading weights:  63%|██████▎   | 168/266 [00:00<00:00, 160.14it/s]Loading weights:  70%|██████▉   | 186/266 [00:01<00:00, 131.46it/s]Loading weights:  76%|███████▌  | 201/266 [00:01<00:00, 127.00it/s]Loading weights:  81%|████████  | 215/266 [00:01<00:00, 119.64it/s]Loading weights:  86%|████████▋ | 230/266 [00:01<00:00, 109.90it/s]Loading weights: 100%|██████████| 266/266 [00:01<00:00, 162.85it/s]
    block00: raw 0.0004  D8 0.0026  D32 0.0047  D64 0.0004  D128 0.0001  (1868s)
    block01: raw 0.0141  D8 0.1956  D32 0.2706  D64 0.3040  D128 0.3315  (1870s)
    block02: raw 0.0304  D8 0.2284  D32 0.2971  D64 0.3361  D128 0.3689  (1873s)
    block03: raw 0.0383  D8 0.2066  D32 0.2855  D64 0.3244  D128 0.3650  (1876s)
    block04: raw 0.0505  D8 0.2189  D32 0.3171  D64 0.3508  D128 0.3854  (1878s)
    block05: raw 0.0737  D8 0.2644  D32 0.3725  D64 0.4033  D128 0.4354  (1881s)
    block06: raw 0.0875  D8 0.2551  D32 0.3718  D64 0.4123  D128 0.4413  (1883s)
    block07: raw 0.1113  D8 0.2743  D32 0.3948  D64 0.4351  D128 0.4647  (1886s)
    block08: raw 0.1472  D8 0.3146  D32 0.4330  D64 0.4711  D128 0.4954  (1889s)
    block09: raw 0.2063  D8 0.3886  D32 0.4872  D64 0.5253  D128 0.5430  (1893s)
    block10: raw 0.2590  D8 0.4449  D32 0.5310  D64 0.5593  D128 0.5770  (1896s)
    block11: raw 0.3052  D8 0.4937  D32 0.5694  D64 0.5919  D128 0.6064  (1899s)
    block12: raw 0.3224  D8 0.5054  D32 0.5731  D64 0.5948  D128 0.6088  (1902s)
    block13: raw 0.3283  D8 0.5049  D32 0.5690  D64 0.5889  D128 0.6014  (1905s)
    block14: raw 0.3060  D8 0.4711  D32 0.5406  D64 0.5665  D128 0.5783  (1909s)
    block15: raw 0.2805  D8 0.4280  D32 0.5052  D64 0.5351  D128 0.5521  (1912s)
    block16: raw 0.2230  D8 0.3676  D32 0.4726  D64 0.5047  D128 0.5228  (1915s)
    final: raw 0.2237  D8 0.3796  D32 0.4621  D64 0.4776  D128 0.4738  (1918s)
  zs_200m_ck220k (1918s): final 0.2237  best block13 0.3283
