abtt D=[8, 32, 64, 128]: fit on 25,000 experimental train spectra
Loading weights:   0%|          | 0/330 [00:00<?, ?it/s]Loading weights:  25%|██▌       | 84/330 [00:00<00:00, 714.86it/s]Loading weights:  47%|████▋     | 156/330 [00:00<00:01, 144.34it/s]Loading weights:  58%|█████▊    | 191/330 [00:01<00:01, 132.89it/s]Loading weights:  65%|██████▌   | 215/330 [00:01<00:00, 119.94it/s]Loading weights:  71%|███████   | 233/330 [00:01<00:01, 92.72it/s] Loading weights:  75%|███████▍  | 247/330 [00:02<00:00, 96.73it/s]Loading weights:  79%|███████▉  | 260/330 [00:02<00:00, 82.40it/s]Loading weights:  82%|████████▏ | 272/330 [00:02<00:00, 85.72it/s]Loading weights:  86%|████████▋ | 285/330 [00:02<00:00, 83.36it/s]Loading weights:  89%|████████▉ | 295/330 [00:02<00:00, 80.68it/s]Loading weights:  95%|█████████▍| 312/330 [00:02<00:00, 81.69it/s]Loading weights: 100%|██████████| 330/330 [00:02<00:00, 112.21it/s]
    block00: raw 0.0005  D8 0.0031  D32 0.0008  D64 0.0003  D128 0.0003  (2689s)
    block01: raw 0.0132  D8 0.2720  D32 0.3689  D64 0.3989  D128 0.4078  (2692s)
    block02: raw 0.0277  D8 0.3561  D32 0.4703  D64 0.5113  D128 0.5269  (2696s)
    block03: raw 0.0387  D8 0.3725  D32 0.4848  D64 0.5217  D128 0.5435  (2699s)
    block04: raw 0.0617  D8 0.4246  D32 0.5066  D64 0.5417  D128 0.5662  (2702s)
    block05: raw 0.0908  D8 0.4666  D32 0.5361  D64 0.5598  D128 0.5851  (2706s)
    block06: raw 0.1282  D8 0.4976  D32 0.5595  D64 0.5852  D128 0.6084  (2709s)
    block07: raw 0.1657  D8 0.5164  D32 0.5801  D64 0.6060  D128 0.6255  (2712s)
    block08: raw 0.1977  D8 0.5123  D32 0.5889  D64 0.6162  D128 0.6322  (2716s)
    block09: raw 0.2339  D8 0.5225  D32 0.5956  D64 0.6201  D128 0.6337  (2719s)
    block10: raw 0.2617  D8 0.4994  D32 0.5817  D64 0.6079  D128 0.6222  (2722s)
    block11: raw 0.2906  D8 0.4986  D32 0.5766  D64 0.6001  D128 0.6154  (2726s)
    block12: raw 0.3116  D8 0.5083  D32 0.5774  D64 0.6005  D128 0.6148  (2729s)
    block13: raw 0.3483  D8 0.5338  D32 0.5924  D64 0.6117  D128 0.6254  (2733s)
    block14: raw 0.3673  D8 0.5386  D32 0.5906  D64 0.6098  D128 0.6236  (2736s)
    block15: raw 0.3807  D8 0.5365  D32 0.5858  D64 0.6037  D128 0.6174  (2740s)
    block16: raw 0.3752  D8 0.5252  D32 0.5732  D64 0.5916  D128 0.6053  (2743s)
    block17: raw 0.3624  D8 0.5099  D32 0.5586  D64 0.5757  D128 0.5921  (2747s)
    block18: raw 0.3432  D8 0.4908  D32 0.5432  D64 0.5629  D128 0.5778  (2750s)
    block19: raw 0.3197  D8 0.4704  D32 0.5300  D64 0.5525  D128 0.5681  (2754s)
    block20: raw 0.2774  D8 0.4373  D32 0.5122  D64 0.5363  D128 0.5521  (2757s)
    final: raw 0.2858  D8 0.4218  D32 0.4825  D64 0.4949  D128 0.4983  (2761s)
  zs_400m_ck430k (2761s): final 0.2858  best block15 0.3807
