[fdr] lab features: 254 usable columns
[fdr] MS2Rescore features: 114 usable columns
/home/khuss/code/msdelta/msdelta/rerank_psm_fdr.py:380: PerformanceWarning: DataFrame is highly fragmented.  This is usually the result of calling `frame.insert` many times, which has poor performance.  Consider joining all columns at once using pd.concat(axis=1) instead. To get a de-fragmented frame, use `newframe = frame.copy()`
  df[k] = v
/home/khuss/code/msdelta/msdelta/rerank_psm_fdr.py:380: PerformanceWarning: DataFrame is highly fragmented.  This is usually the result of calling `frame.insert` many times, which has poor performance.  Consider joining all columns at once using pd.concat(axis=1) instead. To get a de-fragmented frame, use `newframe = frame.copy()`
  df[k] = v
/home/khuss/code/msdelta/msdelta/rerank_psm_fdr.py:380: PerformanceWarning: DataFrame is highly fragmented.  This is usually the result of calling `frame.insert` many times, which has poor performance.  Consider joining all columns at once using pd.concat(axis=1) instead. To get a de-fragmented frame, use `newframe = frame.copy()`
  df[k] = v
/home/khuss/code/msdelta/msdelta/rerank_psm_fdr.py:380: PerformanceWarning: DataFrame is highly fragmented.  This is usually the result of calling `frame.insert` many times, which has poor performance.  Consider joining all columns at once using pd.concat(axis=1) instead. To get a de-fragmented frame, use `newframe = frame.copy()`
  df[k] = v
/home/khuss/code/msdelta/msdelta/rerank_psm_fdr.py:387: PerformanceWarning: DataFrame is highly fragmented.  This is usually the result of calling `frame.insert` many times, which has poor performance.  Consider joining all columns at once using pd.concat(axis=1) instead. To get a de-fragmented frame, use `newframe = frame.copy()`
  df["null_cosine"] = pd.to_numeric(df["cosine_null"], errors="coerce")
/home/khuss/code/msdelta/msdelta/rerank_psm_fdr.py:389: PerformanceWarning: DataFrame is highly fragmented.  This is usually the result of calling `frame.insert` many times, which has poor performance.  Consider joining all columns at once using pd.concat(axis=1) instead. To get a de-fragmented frame, use `newframe = frame.copy()`
  df["null_" + k] = v
/home/khuss/code/msdelta/msdelta/rerank_psm_fdr.py:389: PerformanceWarning: DataFrame is highly fragmented.  This is usually the result of calling `frame.insert` many times, which has poor performance.  Consider joining all columns at once using pd.concat(axis=1) instead. To get a de-fragmented frame, use `newframe = frame.copy()`
  df["null_" + k] = v
/home/khuss/code/msdelta/msdelta/rerank_psm_fdr.py:389: PerformanceWarning: DataFrame is highly fragmented.  This is usually the result of calling `frame.insert` many times, which has poor performance.  Consider joining all columns at once using pd.concat(axis=1) instead. To get a de-fragmented frame, use `newframe = frame.copy()`
  df["null_" + k] = v
/home/khuss/code/msdelta/msdelta/rerank_psm_fdr.py:389: PerformanceWarning: DataFrame is highly fragmented.  This is usually the result of calling `frame.insert` many times, which has poor performance.  Consider joining all columns at once using pd.concat(axis=1) instead. To get a de-fragmented frame, use `newframe = frame.copy()`
  df["null_" + k] = v
  [leak] AUROC target-vs-decoy on cosine: 0.5259
  [leak] AUROC target-vs-decoy on cosine_null: 0.5016
  [all   ] msfragger   PSMs@1%   89,693 (26.95% of 332,822)  peptides@1%  21,858
  [HCT116] msfragger   PSMs@1%    1,518 ( 1.75% of 86,826)  peptides@1%     827
  [HEK293] msfragger   PSMs@1%   88,543 (35.99% of 245,996)  peptides@1%  21,517
  [all   ] embedding   PSMs@1%        0 ( 0.00% of 332,822)  peptides@1%       0
  [HCT116] embedding   PSMs@1%        0 ( 0.00% of 86,826)  peptides@1%       0
  [HEK293] embedding   PSMs@1%        0 ( 0.00% of 245,996)  peptides@1%       0
  [all   ] embedding:delta PSMs@1%        0 ( 0.00% of 332,822)  peptides@1%       0
  [HCT116] embedding:delta PSMs@1%        0 ( 0.00% of 86,826)  peptides@1%       0
  [HEK293] embedding:delta PSMs@1%        0 ( 0.00% of 245,996)  peptides@1%       0
[fdr] CV over 8 run groups in 3 folds
  [all   ] perrun/linear:ms+ms2r PSMs@1%  124,652 (37.45% of 332,822)  peptides@1%  29,166
  [HCT116] perrun/linear:ms+ms2r PSMs@1%    6,838 ( 7.88% of 86,826)  peptides@1%   3,070
  [HEK293] perrun/linear:ms+ms2r PSMs@1%  117,772 (47.88% of 245,996)  peptides@1%  26,841
  [all   ] perrun/linear:ms+ms2r+embws PSMs@1%  125,001 (37.56% of 332,822)  peptides@1%  29,339
  [HCT116] perrun/linear:ms+ms2r+embws PSMs@1%    6,987 ( 8.05% of 86,826)  peptides@1%   3,134
  [HEK293] perrun/linear:ms+ms2r+embws PSMs@1%  117,991 (47.96% of 245,996)  peptides@1%  26,937
  [all   ] perrun/linear:ms+ms2r+nullws PSMs@1%  124,860 (37.52% of 332,822)  peptides@1%  29,201
  [HCT116] perrun/linear:ms+ms2r+nullws PSMs@1%    7,008 ( 8.07% of 86,826)  peptides@1%   3,215
  [HEK293] perrun/linear:ms+ms2r+nullws PSMs@1%  117,905 (47.93% of 245,996)  peptides@1%  26,866
[fdr] wrote /home/khuss/code/msdelta/results/rerank/psm/a2-400m_ms2r_seed2.json
