[score] shard 4/8: 1 of 8 models on xpu
Loading weights:   0%|          | 0/330 [00:00<?, ?it/s]Loading weights:  25%|██▌       | 83/330 [00:00<00:00, 702.89it/s]Loading weights:  47%|████▋     | 154/330 [00:00<00:00, 204.20it/s]Loading weights:  58%|█████▊    | 191/330 [00:00<00:00, 196.32it/s]Loading weights:  67%|██████▋   | 220/330 [00:01<00:00, 185.57it/s]Loading weights:  74%|███████▍  | 244/330 [00:01<00:00, 185.86it/s]Loading weights:  81%|████████  | 266/330 [00:01<00:00, 179.45it/s]Loading weights:  87%|████████▋ | 286/330 [00:01<00:00, 158.65it/s]Loading weights:  92%|█████████▏| 303/330 [00:01<00:00, 160.03it/s]Loading weights: 100%|██████████| 330/330 [00:01<00:00, 194.87it/s]
Traceback (most recent call last):
  File "<frozen runpy>", line 198, in _run_module_as_main
  File "<frozen runpy>", line 88, in _run_code
  File "/home/khuss/code/msdelta/msdelta/eval_grouped_retrieval.py", line 208, in <module>
    raise SystemExit(main())
                     ^^^^^^
  File "/home/khuss/code/msdelta/msdelta/eval_grouped_retrieval.py", line 204, in main
    return prepare(cli) if cli.cmd == "prepare" else score(cli)
                                                     ^^^^^^^^^^
  File "/home/khuss/code/msdelta/msdelta/eval_grouped_retrieval.py", line 170, in score
    metrics = score_model(path, pooling, rows, groups, experimental, collator,
              ^^^^^^^^^^^^^^^^^^^^^^^^^^^^^^^^^^^^^^^^^^^^^^^^^^^^^^^^^^^^^^^^
  File "/home/khuss/code/msdelta/msdelta/eval_grouped_retrieval.py", line 123, in score_model
    _variants(emb, groups, experimental, device,
  File "/home/khuss/code/msdelta/msdelta/eval_grouped_retrieval.py", line 137, in _variants
    metrics = metric(emb[torch.from_numpy(mask)], groups[mask], device=device)
              ^^^^^^^^^^^^^^^^^^^^^^^^^^^^^^^^^^^^^^^^^^^^^^^^^^^^^^^^^^^^^^^^
  File "/home/khuss/code/msdelta/msdelta/contrastive.py", line 710, in retrieval_metrics_topk
    raise ValueError(f"a query has R={int(n_rel_all.max())} relevant items > k={k}; "
ValueError: a query has R=466 relevant items > k=100; use retrieval_metrics_exact or raise k
