[fdr] lab features: 254 usable columns
[fdr] MS2Rescore features: 114 usable columns
/home/khuss/code/msdelta/msdelta/rerank_psm_fdr.py:380: PerformanceWarning: DataFrame is highly fragmented.  This is usually the result of calling `frame.insert` many times, which has poor performance.  Consider joining all columns at once using pd.concat(axis=1) instead. To get a de-fragmented frame, use `newframe = frame.copy()`
  df[k] = v
/home/khuss/code/msdelta/msdelta/rerank_psm_fdr.py:380: PerformanceWarning: DataFrame is highly fragmented.  This is usually the result of calling `frame.insert` many times, which has poor performance.  Consider joining all columns at once using pd.concat(axis=1) instead. To get a de-fragmented frame, use `newframe = frame.copy()`
  df[k] = v
/home/khuss/code/msdelta/msdelta/rerank_psm_fdr.py:380: PerformanceWarning: DataFrame is highly fragmented.  This is usually the result of calling `frame.insert` many times, which has poor performance.  Consider joining all columns at once using pd.concat(axis=1) instead. To get a de-fragmented frame, use `newframe = frame.copy()`
  df[k] = v
/home/khuss/code/msdelta/msdelta/rerank_psm_fdr.py:380: PerformanceWarning: DataFrame is highly fragmented.  This is usually the result of calling `frame.insert` many times, which has poor performance.  Consider joining all columns at once using pd.concat(axis=1) instead. To get a de-fragmented frame, use `newframe = frame.copy()`
  df[k] = v
/home/khuss/code/msdelta/msdelta/rerank_psm_fdr.py:387: PerformanceWarning: DataFrame is highly fragmented.  This is usually the result of calling `frame.insert` many times, which has poor performance.  Consider joining all columns at once using pd.concat(axis=1) instead. To get a de-fragmented frame, use `newframe = frame.copy()`
  df["null_cosine"] = pd.to_numeric(df["cosine_null"], errors="coerce")
/home/khuss/code/msdelta/msdelta/rerank_psm_fdr.py:389: PerformanceWarning: DataFrame is highly fragmented.  This is usually the result of calling `frame.insert` many times, which has poor performance.  Consider joining all columns at once using pd.concat(axis=1) instead. To get a de-fragmented frame, use `newframe = frame.copy()`
  df["null_" + k] = v
/home/khuss/code/msdelta/msdelta/rerank_psm_fdr.py:389: PerformanceWarning: DataFrame is highly fragmented.  This is usually the result of calling `frame.insert` many times, which has poor performance.  Consider joining all columns at once using pd.concat(axis=1) instead. To get a de-fragmented frame, use `newframe = frame.copy()`
  df["null_" + k] = v
/home/khuss/code/msdelta/msdelta/rerank_psm_fdr.py:389: PerformanceWarning: DataFrame is highly fragmented.  This is usually the result of calling `frame.insert` many times, which has poor performance.  Consider joining all columns at once using pd.concat(axis=1) instead. To get a de-fragmented frame, use `newframe = frame.copy()`
  df["null_" + k] = v
/home/khuss/code/msdelta/msdelta/rerank_psm_fdr.py:389: PerformanceWarning: DataFrame is highly fragmented.  This is usually the result of calling `frame.insert` many times, which has poor performance.  Consider joining all columns at once using pd.concat(axis=1) instead. To get a de-fragmented frame, use `newframe = frame.copy()`
  df["null_" + k] = v
  [leak] AUROC target-vs-decoy on cosine: 0.5259
  [leak] AUROC target-vs-decoy on cosine_null: 0.5016
  [all   ] msfragger   PSMs@1%   89,693 (26.95% of 332,822)  peptides@1%  21,858
  [HCT116] msfragger   PSMs@1%    1,518 ( 1.75% of 86,826)  peptides@1%     827
  [HEK293] msfragger   PSMs@1%   88,543 (35.99% of 245,996)  peptides@1%  21,517
  [all   ] embedding   PSMs@1%        0 ( 0.00% of 332,822)  peptides@1%       0
  [HCT116] embedding   PSMs@1%        0 ( 0.00% of 86,826)  peptides@1%       0
  [HEK293] embedding   PSMs@1%        0 ( 0.00% of 245,996)  peptides@1%       0
  [all   ] embedding:delta PSMs@1%        0 ( 0.00% of 332,822)  peptides@1%       0
  [HCT116] embedding:delta PSMs@1%        0 ( 0.00% of 86,826)  peptides@1%       0
  [HEK293] embedding:delta PSMs@1%        0 ( 0.00% of 245,996)  peptides@1%       0
[fdr] CV over 8 run groups in 3 folds
  [all   ] perrun/linear:ms+ms2r PSMs@1%  124,863 (37.52% of 332,822)  peptides@1%  29,296
  [HCT116] perrun/linear:ms+ms2r PSMs@1%    6,736 ( 7.76% of 86,826)  peptides@1%   3,155
  [HEK293] perrun/linear:ms+ms2r PSMs@1%  117,925 (47.94% of 245,996)  peptides@1%  26,893
  [all   ] perrun/linear:ms+ms2r+embws PSMs@1%  124,970 (37.55% of 332,822)  peptides@1%  29,175
  [HCT116] perrun/linear:ms+ms2r+embws PSMs@1%    6,750 ( 7.77% of 86,826)  peptides@1%   3,108
  [HEK293] perrun/linear:ms+ms2r+embws PSMs@1%  118,020 (47.98% of 245,996)  peptides@1%  26,843
  [all   ] perrun/linear:ms+ms2r+nullws PSMs@1%  124,843 (37.51% of 332,822)  peptides@1%  29,248
  [HCT116] perrun/linear:ms+ms2r+nullws PSMs@1%    6,755 ( 7.78% of 86,826)  peptides@1%   3,136
  [HEK293] perrun/linear:ms+ms2r+nullws PSMs@1%  117,936 (47.94% of 245,996)  peptides@1%  26,856
[fdr] wrote /home/khuss/code/msdelta/results/rerank/psm/a2-400m_ms2r_seed1.json
