abtt D=[8, 32, 64, 128]: fit on 25,859 experimental train spectra
Loading weights:   0%|          | 0/330 [00:00<?, ?it/s]Loading weights:  26%|██▌       | 86/330 [00:00<00:00, 840.00it/s]Loading weights:  52%|█████▏    | 170/330 [00:00<00:00, 200.87it/s]Loading weights:  65%|██████▍   | 213/330 [00:01<00:00, 182.60it/s]Loading weights:  74%|███████▎  | 243/330 [00:01<00:00, 196.09it/s]Loading weights:  82%|████████▏ | 272/330 [00:01<00:00, 183.77it/s]Loading weights:  90%|████████▉ | 296/330 [00:01<00:00, 173.52it/s]Loading weights:  96%|█████████▌| 317/330 [00:01<00:00, 176.81it/s]Loading weights: 100%|██████████| 330/330 [00:01<00:00, 202.80it/s]
    block00: raw 0.0004  D8 0.0018  D32 0.0002  D64 0.0002  D128 0.0001  (2818s)
    block01: raw 0.0221  D8 0.1279  D32 0.1899  D64 0.2065  D128 0.2155  (2822s)
    block02: raw 0.0525  D8 0.2257  D32 0.2842  D64 0.3035  D128 0.3217  (2826s)
    block03: raw 0.0732  D8 0.2428  D32 0.3037  D64 0.3273  D128 0.3459  (2830s)
    block04: raw 0.1086  D8 0.2960  D32 0.3492  D64 0.3672  D128 0.3860  (2834s)
    block05: raw 0.1432  D8 0.3397  D32 0.3917  D64 0.4119  D128 0.4247  (2838s)
    block06: raw 0.1753  D8 0.3810  D32 0.4332  D64 0.4516  D128 0.4587  (2842s)
    block07: raw 0.2054  D8 0.4261  D32 0.4754  D64 0.4903  D128 0.4939  (2846s)
    block08: raw 0.2278  D8 0.4592  D32 0.5062  D64 0.5181  D128 0.5222  (2850s)
    block09: raw 0.2659  D8 0.5059  D32 0.5460  D64 0.5572  D128 0.5584  (2855s)
    block10: raw 0.3069  D8 0.5338  D32 0.5655  D64 0.5757  D128 0.5798  (2859s)
    block11: raw 0.3549  D8 0.5743  D32 0.6032  D64 0.6153  D128 0.6187  (2863s)
    block12: raw 0.4136  D8 0.6266  D32 0.6480  D64 0.6567  D128 0.6584  (2867s)
    block13: raw 0.4764  D8 0.6775  D32 0.6945  D64 0.7007  D128 0.7016  (2871s)
    block14: raw 0.5091  D8 0.6940  D32 0.7069  D64 0.7107  D128 0.7112  (2875s)
    block15: raw 0.5268  D8 0.6980  D32 0.7099  D64 0.7154  D128 0.7168  (2878s)
    block16: raw 0.5338  D8 0.6975  D32 0.7059  D64 0.7127  D128 0.7146  (2882s)
    block17: raw 0.5175  D8 0.6832  D32 0.6939  D64 0.7042  D128 0.7054  (2886s)
    block18: raw 0.4889  D8 0.6623  D32 0.6797  D64 0.6903  D128 0.6926  (2890s)
    block19: raw 0.4419  D8 0.6367  D32 0.6652  D64 0.6766  D128 0.6794  (2894s)
    block20: raw 0.3541  D8 0.6109  D32 0.6540  D64 0.6658  D128 0.6676  (2898s)
    final: raw 0.3124  D8 0.5485  D32 0.5860  D64 0.5853  D128 0.5731  (2901s)
  zs_400m_ck220k (2901s): final 0.3124  best block16 0.5338
