abtt D=[8, 32, 64, 128]: fit on 25,859 experimental train spectra
Loading weights:   0%|          | 0/330 [00:00<?, ?it/s]Loading weights:  31%|███       | 102/330 [00:00<00:00, 710.63it/s]Loading weights:  53%|█████▎    | 174/330 [00:00<00:00, 238.28it/s]Loading weights:  64%|██████▍   | 212/330 [00:00<00:00, 199.98it/s]Loading weights:  72%|███████▏  | 239/330 [00:01<00:00, 190.55it/s]Loading weights:  79%|███████▉  | 262/330 [00:01<00:00, 181.87it/s]Loading weights:  86%|████████▌ | 284/330 [00:01<00:00, 174.73it/s]Loading weights:  93%|█████████▎| 306/330 [00:01<00:00, 178.45it/s]Loading weights: 100%|██████████| 330/330 [00:01<00:00, 214.37it/s]
    block00: raw 0.0005  D8 0.0023  D32 0.0002  D64 0.0001  D128 0.0002  (2450s)
    block01: raw 0.0310  D8 0.1180  D32 0.1735  D64 0.1881  D128 0.1963  (2453s)
    block02: raw 0.0671  D8 0.1948  D32 0.2604  D64 0.2833  D128 0.3001  (2455s)
    block03: raw 0.0936  D8 0.2170  D32 0.2809  D64 0.3067  D128 0.3299  (2458s)
    block04: raw 0.1344  D8 0.2661  D32 0.3247  D64 0.3481  D128 0.3735  (2461s)
    block05: raw 0.1783  D8 0.3234  D32 0.3768  D64 0.4028  D128 0.4223  (2464s)
    block06: raw 0.2211  D8 0.3801  D32 0.4329  D64 0.4545  D128 0.4683  (2467s)
    block07: raw 0.2644  D8 0.4508  D32 0.4937  D64 0.5090  D128 0.5207  (2469s)
    block08: raw 0.2994  D8 0.5005  D32 0.5418  D64 0.5542  D128 0.5592  (2472s)
    block09: raw 0.3416  D8 0.5471  D32 0.5833  D64 0.5904  D128 0.5958  (2475s)
    block10: raw 0.3820  D8 0.5694  D32 0.6008  D64 0.6096  D128 0.6142  (2478s)
    block11: raw 0.4219  D8 0.5934  D32 0.6215  D64 0.6311  D128 0.6346  (2481s)
    block12: raw 0.4700  D8 0.6279  D32 0.6457  D64 0.6564  D128 0.6594  (2484s)
    block13: raw 0.5130  D8 0.6584  D32 0.6726  D64 0.6803  D128 0.6833  (2486s)
    block14: raw 0.5308  D8 0.6647  D32 0.6791  D64 0.6841  D128 0.6870  (2489s)
    block15: raw 0.5381  D8 0.6620  D32 0.6775  D64 0.6844  D128 0.6877  (2492s)
    block16: raw 0.5378  D8 0.6575  D32 0.6702  D64 0.6791  D128 0.6823  (2495s)
    block17: raw 0.5239  D8 0.6444  D32 0.6599  D64 0.6698  D128 0.6727  (2498s)
    block18: raw 0.5018  D8 0.6277  D32 0.6477  D64 0.6585  D128 0.6621  (2500s)
    block19: raw 0.4687  D8 0.6066  D32 0.6325  D64 0.6457  D128 0.6503  (2503s)
    block20: raw 0.3939  D8 0.5869  D32 0.6259  D64 0.6390  D128 0.6443  (2506s)
    final: raw 0.3802  D8 0.5611  D32 0.5907  D64 0.5967  D128 0.5931  (2509s)
  zs_400m_ck220k (2509s): final 0.3802  best block15 0.5381
