abtt D=[8, 32, 64, 128]: fit on 25,859 experimental train spectra
Loading weights:   0%|          | 0/330 [00:00<?, ?it/s]Loading weights:  28%|██▊       | 93/330 [00:00<00:00, 630.96it/s]Loading weights:  48%|████▊     | 157/330 [00:00<00:00, 219.21it/s]Loading weights:  58%|█████▊    | 191/330 [00:00<00:00, 181.02it/s]Loading weights:  65%|██████▌   | 215/330 [00:01<00:00, 181.71it/s]Loading weights:  75%|███████▍  | 247/330 [00:01<00:00, 191.43it/s]Loading weights:  82%|████████▏ | 269/330 [00:01<00:00, 158.38it/s]Loading weights:  87%|████████▋ | 287/330 [00:01<00:00, 149.11it/s]Loading weights:  93%|█████████▎| 306/330 [00:01<00:00, 142.85it/s]Loading weights: 100%|██████████| 330/330 [00:01<00:00, 186.84it/s]
    block00: raw 0.0004  D8 0.0019  D32 0.0003  D64 0.0002  D128 0.0002  (2815s)
    block01: raw 0.0213  D8 0.1340  D32 0.1925  D64 0.2086  D128 0.2147  (2818s)
    block02: raw 0.0524  D8 0.2290  D32 0.2847  D64 0.3110  D128 0.3265  (2822s)
    block03: raw 0.0792  D8 0.2669  D32 0.3245  D64 0.3477  D128 0.3655  (2826s)
    block04: raw 0.1145  D8 0.3100  D32 0.3646  D64 0.3874  D128 0.4062  (2830s)
    block05: raw 0.1512  D8 0.3537  D32 0.4144  D64 0.4326  D128 0.4491  (2834s)
    block06: raw 0.1902  D8 0.4138  D32 0.4632  D64 0.4839  D128 0.4938  (2838s)
    block07: raw 0.2273  D8 0.4641  D32 0.5163  D64 0.5331  D128 0.5404  (2842s)
    block08: raw 0.2553  D8 0.4975  D32 0.5481  D64 0.5592  D128 0.5637  (2846s)
    block09: raw 0.2880  D8 0.5353  D32 0.5760  D64 0.5892  D128 0.5897  (2850s)
    block10: raw 0.3249  D8 0.5555  D32 0.5921  D64 0.6010  D128 0.6045  (2854s)
    block11: raw 0.3723  D8 0.5937  D32 0.6240  D64 0.6369  D128 0.6388  (2859s)
    block12: raw 0.4257  D8 0.6368  D32 0.6640  D64 0.6737  D128 0.6748  (2863s)
    block13: raw 0.4807  D8 0.6846  D32 0.7031  D64 0.7125  D128 0.7129  (2867s)
    block14: raw 0.5157  D8 0.7015  D32 0.7148  D64 0.7224  D128 0.7245  (2871s)
    block15: raw 0.5382  D8 0.7134  D32 0.7228  D64 0.7280  D128 0.7308  (2874s)
    block16: raw 0.5458  D8 0.7136  D32 0.7202  D64 0.7262  D128 0.7283  (2878s)
    block17: raw 0.5280  D8 0.6980  D32 0.7091  D64 0.7175  D128 0.7192  (2882s)
    block18: raw 0.4983  D8 0.6750  D32 0.6929  D64 0.7038  D128 0.7052  (2886s)
    block19: raw 0.4566  D8 0.6523  D32 0.6820  D64 0.6914  D128 0.6913  (2890s)
    block20: raw 0.3718  D8 0.6273  D32 0.6746  D64 0.6854  D128 0.6842  (2894s)
    final: raw 0.3252  D8 0.5618  D32 0.5943  D64 0.5907  D128 0.5819  (2898s)
  zs_400m_ck330k (2898s): final 0.3252  best block16 0.5458
