abtt D=[8, 32, 64, 128]: fit on 25,859 experimental train spectra
Loading weights:   0%|          | 0/206 [00:00<?, ?it/s]Loading weights:  25%|██▌       | 52/206 [00:00<00:00, 375.38it/s]Loading weights:  44%|████▎     | 90/206 [00:00<00:00, 237.44it/s]Loading weights:  56%|█████▋    | 116/206 [00:00<00:00, 216.20it/s]Loading weights:  69%|██████▉   | 142/206 [00:00<00:00, 223.29it/s]Loading weights:  81%|████████  | 166/206 [00:00<00:00, 202.88it/s]Loading weights:  91%|█████████ | 187/206 [00:00<00:00, 183.78it/s]Loading weights: 100%|██████████| 206/206 [00:00<00:00, 226.14it/s]
    block00: raw 0.0004  D8 0.0010  D32 0.0005  D64 0.0004  D128 0.0003  (1592s)
    block01: raw 0.0105  D8 0.0520  D32 0.0663  D64 0.0738  D128 0.0752  (1651s)
    block02: raw 0.0202  D8 0.0754  D32 0.0979  D64 0.1073  D128 0.1113  (1756s)
    block03: raw 0.0301  D8 0.0821  D32 0.1092  D64 0.1177  D128 0.1235  (1868s)
    block04: raw 0.0389  D8 0.0917  D32 0.1156  D64 0.1254  D128 0.1334  (1926s)
    block05: raw 0.0492  D8 0.1053  D32 0.1281  D64 0.1407  D128 0.1467  (1983s)
    block06: raw 0.0586  D8 0.1188  D32 0.1477  D64 0.1564  D128 0.1607  (2052s)
    block07: raw 0.0710  D8 0.1426  D32 0.1774  D64 0.1853  D128 0.1854  (2141s)
    block08: raw 0.0845  D8 0.1672  D32 0.2036  D64 0.2090  D128 0.2073  (2259s)
    block09: raw 0.1022  D8 0.2052  D32 0.2423  D64 0.2483  D128 0.2425  (2308s)
    block10: raw 0.1122  D8 0.2294  D32 0.2644  D64 0.2730  D128 0.2663  (2352s)
    block11: raw 0.1097  D8 0.2219  D32 0.2572  D64 0.2668  D128 0.2599  (2398s)
    block12: raw 0.1036  D8 0.2098  D32 0.2448  D64 0.2532  D128 0.2469  (2401s)
    block13: raw 0.0865  D8 0.1946  D32 0.2370  D64 0.2473  D128 0.2430  (2404s)
    final: raw 0.0819  D8 0.1864  D32 0.2188  D64 0.2194  D128 0.2050  (2407s)
  zs_100m_ck330k (2407s): final 0.0819  best block10 0.1122
3  D64 0.6014  D128 0.6044  (5856s)
    block14: raw 0.3808  D8 0.5723  D32 0.6136  D64 0.6287  D128 0.6344  (6032s)
    block15: raw 0.4155  D8 0.6023  D32 0.6377  D64 0.6496  D128 0.6558  (6051s)
    block16: raw 0.4290  D8 0.6121  D32 0.6436  D64 0.6555  D128 0.6599  (6058s)
    block17: raw 0.3960  D8 0.5858  D32 0.6264  D64 0.6416  D128 0.6454  (6062s)
    block18: raw 0.3435  D8 0.5447  D32 0.6017  D64 0.6172  D128 0.6203  (6068s)
    block19: raw 0.2829  D8 0.4880  D32 0.5685  D64 0.5814  D128 0.5869  (6073s)
    block20: raw 0.2011  D8 0.4398  D32 0.5367  D64 0.5545  D128 0.5601  (6077s)
    final: raw 0.1665  D8 0.3621  D32 0.4314  D64 0.4274  D128 0.4127  (6083s)
  zs_400m_ck330k (6083s): final 0.1665  best block16 0.4290
