abtt D=[8, 32, 64, 128]: fit on 25,859 experimental train spectra
Loading weights:   0%|          | 0/206 [00:00<?, ?it/s]Loading weights:  19%|█▉        | 39/206 [00:00<00:00, 356.40it/s]Loading weights:  36%|███▋      | 75/206 [00:00<00:00, 206.27it/s]Loading weights:  48%|████▊     | 99/206 [00:00<00:00, 204.63it/s]Loading weights:  59%|█████▉    | 122/206 [00:00<00:00, 197.19it/s]Loading weights:  73%|███████▎  | 150/206 [00:00<00:00, 215.63it/s]Loading weights:  88%|████████▊ | 182/206 [00:00<00:00, 218.45it/s]Loading weights: 100%|██████████| 206/206 [00:00<00:00, 243.70it/s]
    block00: raw 0.0004  D8 0.0011  D32 0.0008  D64 0.0005  D128 0.0002  (1593s)
    block01: raw 0.0095  D8 0.0496  D32 0.0647  D64 0.0701  D128 0.0730  (1706s)
    block02: raw 0.0185  D8 0.0699  D32 0.0921  D64 0.1004  D128 0.1046  (1815s)
    block03: raw 0.0290  D8 0.0795  D32 0.1050  D64 0.1139  D128 0.1187  (1878s)
    block04: raw 0.0390  D8 0.0903  D32 0.1151  D64 0.1246  D128 0.1321  (1983s)
    block05: raw 0.0493  D8 0.1064  D32 0.1340  D64 0.1450  D128 0.1509  (2099s)
    block06: raw 0.0591  D8 0.1237  D32 0.1555  D64 0.1653  D128 0.1670  (2201s)
    block07: raw 0.0743  D8 0.1514  D32 0.1914  D64 0.1981  D128 0.1982  (2308s)
    block08: raw 0.0876  D8 0.1839  D32 0.2214  D64 0.2294  D128 0.2237  (2352s)
    block09: raw 0.1070  D8 0.2259  D32 0.2688  D64 0.2758  D128 0.2680  (2398s)
    block10: raw 0.1223  D8 0.2554  D32 0.3000  D64 0.3072  D128 0.3018  (2401s)
    block11: raw 0.1196  D8 0.2495  D32 0.2906  D64 0.2997  D128 0.2944  (2404s)
    block12: raw 0.1103  D8 0.2311  D32 0.2732  D64 0.2821  D128 0.2791  (2407s)
    block13: raw 0.0896  D8 0.2093  D32 0.2586  D64 0.2700  D128 0.2685  (2409s)
    final: raw 0.0845  D8 0.1998  D32 0.2389  D64 0.2397  D128 0.2260  (2411s)
  zs_100m_ck430k (2411s): final 0.0845  best block10 0.1223
 0.4999  D64 0.5145  D128 0.5205  (6040s)
    block15: raw 0.2876  D8 0.4789  D32 0.5147  D64 0.5290  D128 0.5353  (6051s)
    block16: raw 0.2933  D8 0.4799  D32 0.5122  D64 0.5241  D128 0.5300  (6057s)
    block17: raw 0.2756  D8 0.4524  D32 0.4934  D64 0.5079  D128 0.5135  (6062s)
    block18: raw 0.2446  D8 0.4179  D32 0.4704  D64 0.4860  D128 0.4912  (6067s)
    block19: raw 0.2045  D8 0.3684  D32 0.4398  D64 0.4547  D128 0.4625  (6073s)
    block20: raw 0.1486  D8 0.3215  D32 0.4105  D64 0.4268  D128 0.4346  (6078s)
    final: raw 0.1246  D8 0.2729  D32 0.3393  D64 0.3367  D128 0.3248  (6083s)
  zs_400m_ck430k (6083s): final 0.1246  best block16 0.2933
