abtt D=[8, 32, 64, 128]: fit on 25,859 experimental train spectra
Loading weights:   0%|          | 0/266 [00:00<?, ?it/s]Loading weights:  25%|██▍       | 66/266 [00:00<00:00, 638.38it/s]Loading weights:  49%|████▉     | 130/266 [00:00<00:00, 366.65it/s]Loading weights:  65%|██████▌   | 173/266 [00:00<00:00, 352.74it/s]Loading weights:  80%|███████▉  | 212/266 [00:00<00:00, 247.12it/s]Loading weights:  91%|█████████ | 242/266 [00:00<00:00, 218.90it/s]Loading weights: 100%|██████████| 266/266 [00:00<00:00, 292.71it/s]
    block00: raw 0.0003  D8 0.0009  D32 0.0006  D64 0.0003  D128 0.0003  (2550s)
    block01: raw 0.0224  D8 0.0525  D32 0.0695  D64 0.0766  D128 0.0783  (2554s)
    block02: raw 0.0275  D8 0.0615  D32 0.0811  D64 0.0899  D128 0.0946  (2559s)
    block03: raw 0.0322  D8 0.0712  D32 0.0910  D64 0.1027  D128 0.1087  (2563s)
    block04: raw 0.0428  D8 0.0918  D32 0.1151  D64 0.1286  D128 0.1355  (2579s)
    block05: raw 0.0565  D8 0.1190  D32 0.1459  D64 0.1584  D128 0.1663  (2601s)
    block06: raw 0.0658  D8 0.1356  D32 0.1655  D64 0.1776  D128 0.1877  (2613s)
    block07: raw 0.0782  D8 0.1480  D32 0.1869  D64 0.2010  D128 0.2100  (2623s)
    block08: raw 0.0873  D8 0.1609  D32 0.2041  D64 0.2196  D128 0.2248  (2636s)
    block09: raw 0.0979  D8 0.1752  D32 0.2218  D64 0.2344  D128 0.2387  (2642s)
    block10: raw 0.1098  D8 0.1967  D32 0.2428  D64 0.2551  D128 0.2579  (2648s)
    block11: raw 0.1182  D8 0.2072  D32 0.2530  D64 0.2644  D128 0.2676  (2660s)
    block12: raw 0.1215  D8 0.2134  D32 0.2566  D64 0.2707  D128 0.2719  (2670s)
    block13: raw 0.1223  D8 0.2170  D32 0.2605  D64 0.2730  D128 0.2735  (2686s)
    block14: raw 0.1186  D8 0.2118  D32 0.2521  D64 0.2662  D128 0.2664  (2698s)
    block15: raw 0.1071  D8 0.1962  D32 0.2400  D64 0.2518  D128 0.2551  (2728s)
    block16: raw 0.0957  D8 0.1959  D32 0.2390  D64 0.2515  D128 0.2529  (2739s)
    final: raw 0.0898  D8 0.1958  D32 0.2386  D64 0.2516  D128 0.2504  (2750s)
  zs_200m_ck010k (2750s): final 0.0898  best block13 0.1223
