abtt D=[8, 32, 64, 128]: fit on 25,859 experimental train spectra
Loading weights:   0%|          | 0/330 [00:00<?, ?it/s]Loading weights:  26%|██▌       | 86/330 [00:00<00:00, 726.04it/s]Loading weights:  48%|████▊     | 159/330 [00:00<00:00, 246.33it/s]Loading weights:  60%|██████    | 199/330 [00:00<00:00, 186.38it/s]Loading weights:  68%|██████▊   | 226/330 [00:01<00:00, 181.35it/s]Loading weights:  75%|███████▌  | 249/330 [00:01<00:00, 165.95it/s]Loading weights:  83%|████████▎ | 274/330 [00:01<00:00, 178.50it/s]Loading weights:  91%|█████████ | 301/330 [00:01<00:00, 176.77it/s]Loading weights:  97%|█████████▋| 321/330 [00:01<00:00, 168.81it/s]Loading weights: 100%|██████████| 330/330 [00:01<00:00, 198.88it/s]
    block00: raw 0.0002  D8 0.0013  D32 0.0002  D64 0.0003  D128 0.0002  (3633s)
    block01: raw 0.0109  D8 0.0647  D32 0.0916  D64 0.0993  D128 0.1005  (3637s)
    block02: raw 0.0242  D8 0.1037  D32 0.1381  D64 0.1508  D128 0.1593  (3641s)
    block03: raw 0.0322  D8 0.1113  D32 0.1482  D64 0.1625  D128 0.1743  (3645s)
    block04: raw 0.0443  D8 0.1298  D32 0.1655  D64 0.1830  D128 0.1940  (3648s)
    block05: raw 0.0583  D8 0.1541  D32 0.1917  D64 0.2097  D128 0.2211  (3652s)
    block06: raw 0.0750  D8 0.1845  D32 0.2304  D64 0.2478  D128 0.2568  (3656s)
    block07: raw 0.0952  D8 0.2251  D32 0.2737  D64 0.2930  D128 0.3009  (3660s)
    block08: raw 0.1161  D8 0.2653  D32 0.3191  D64 0.3368  D128 0.3427  (3664s)
    block09: raw 0.1452  D8 0.3228  D32 0.3758  D64 0.3909  D128 0.3932  (3667s)
    block10: raw 0.1711  D8 0.3569  D32 0.4067  D64 0.4215  D128 0.4226  (3671s)
    block11: raw 0.2042  D8 0.3994  D32 0.4487  D64 0.4646  D128 0.4649  (3675s)
    block12: raw 0.2443  D8 0.4491  D32 0.4964  D64 0.5129  D128 0.5140  (3679s)
    block13: raw 0.2970  D8 0.5152  D32 0.5549  D64 0.5726  D128 0.5766  (3682s)
    block14: raw 0.3321  D8 0.5412  D32 0.5802  D64 0.5944  D128 0.5992  (3686s)
    block15: raw 0.3592  D8 0.5629  D32 0.5980  D64 0.6114  D128 0.6156  (3690s)
    block16: raw 0.3664  D8 0.5642  D32 0.5954  D64 0.6076  D128 0.6141  (3694s)
    block17: raw 0.3421  D8 0.5353  D32 0.5740  D64 0.5895  D128 0.5954  (3698s)
    block18: raw 0.3018  D8 0.4934  D32 0.5488  D64 0.5630  D128 0.5674  (3702s)
    block19: raw 0.2483  D8 0.4368  D32 0.5110  D64 0.5271  D128 0.5333  (3735s)
    block20: raw 0.1786  D8 0.3848  D32 0.4796  D64 0.4959  D128 0.5013  (3739s)
    final: raw 0.1450  D8 0.3199  D32 0.3860  D64 0.3793  D128 0.3658  (3743s)
  zs_400m_ck540k (3743s): final 0.1450  best block16 0.3664
