abtt D=[8, 32, 64, 128]: fit on 25,000 experimental train spectra
Loading weights:   0%|          | 0/266 [00:00<?, ?it/s]Loading weights:  29%|██▊       | 76/266 [00:00<00:00, 445.89it/s]Loading weights:  45%|████▌     | 121/266 [00:00<00:00, 257.58it/s]Loading weights:  56%|█████▋    | 150/266 [00:00<00:00, 244.14it/s]Loading weights:  66%|██████▌   | 176/266 [00:00<00:00, 227.97it/s]Loading weights:  75%|███████▌  | 200/266 [00:00<00:00, 198.51it/s]Loading weights:  83%|████████▎ | 221/266 [00:01<00:00, 169.93it/s]Loading weights:  90%|████████▉ | 239/266 [00:01<00:00, 136.25it/s]Loading weights: 100%|██████████| 266/266 [00:01<00:00, 208.41it/s]
    block00: raw 0.0009  D8 0.0024  D32 0.0005  D64 0.0003  D128 0.0002  (1947s)
    block01: raw 0.0046  D8 0.0094  D32 0.0093  D64 0.0103  D128 0.0105  (1949s)
    block02: raw 0.0079  D8 0.0133  D32 0.0152  D64 0.0151  D128 0.0160  (1952s)
    block03: raw 0.0080  D8 0.0111  D32 0.0116  D64 0.0117  D128 0.0113  (1955s)
    block04: raw 0.0071  D8 0.0098  D32 0.0101  D64 0.0097  D128 0.0089  (1957s)
    block05: raw 0.0069  D8 0.0087  D32 0.0086  D64 0.0086  D128 0.0084  (1960s)
    block06: raw 0.0076  D8 0.0088  D32 0.0081  D64 0.0085  D128 0.0085  (1963s)
    block07: raw 0.0088  D8 0.0096  D32 0.0090  D64 0.0091  D128 0.0092  (1965s)
    block08: raw 0.0104  D8 0.0101  D32 0.0100  D64 0.0102  D128 0.0104  (1968s)
    block09: raw 0.0121  D8 0.0115  D32 0.0115  D64 0.0116  D128 0.0121  (1971s)
    block10: raw 0.0140  D8 0.0132  D32 0.0134  D64 0.0128  D128 0.0134  (1973s)
    block11: raw 0.0149  D8 0.0146  D32 0.0148  D64 0.0143  D128 0.0150  (1976s)
    block12: raw 0.0153  D8 0.0157  D32 0.0154  D64 0.0151  D128 0.0155  (1978s)
    block13: raw 0.0163  D8 0.0169  D32 0.0163  D64 0.0161  D128 0.0164  (1981s)
    block14: raw 0.0159  D8 0.0159  D32 0.0157  D64 0.0154  D128 0.0154  (1984s)
    block15: raw 0.0158  D8 0.0162  D32 0.0160  D64 0.0161  D128 0.0155  (1986s)
    block16: raw 0.0119  D8 0.0135  D32 0.0141  D64 0.0140  D128 0.0141  (1989s)
    final: raw 0.0093  D8 0.0099  D32 0.0107  D64 0.0108  D128 0.0117  (1991s)
  zs_200m_ck540k (1991s): final 0.0093  best block13 0.0163
