abtt D=[8, 32, 64, 128]: fit on 25,000 experimental train spectra
Loading weights:   0%|          | 0/330 [00:00<?, ?it/s]Loading weights:  27%|██▋       | 88/330 [00:00<00:00, 764.17it/s]Loading weights:  50%|█████     | 165/330 [00:00<00:00, 211.18it/s]Loading weights:  62%|██████▏   | 205/330 [00:00<00:00, 186.54it/s]Loading weights:  71%|███████   | 234/330 [00:01<00:00, 192.34it/s]Loading weights:  79%|███████▉  | 260/330 [00:01<00:00, 171.96it/s]Loading weights:  85%|████████▌ | 281/330 [00:01<00:00, 164.96it/s]Loading weights:  91%|█████████ | 300/330 [00:01<00:00, 168.11it/s]Loading weights: 100%|██████████| 330/330 [00:01<00:00, 200.61it/s]
    block00: raw 0.0009  D8 0.0016  D32 0.0003  D64 0.0002  D128 0.0002  (2724s)
    block01: raw 0.0049  D8 0.0088  D32 0.0092  D64 0.0087  D128 0.0085  (2727s)
    block02: raw 0.0072  D8 0.0124  D32 0.0126  D64 0.0126  D128 0.0133  (2730s)
    block03: raw 0.0082  D8 0.0137  D32 0.0136  D64 0.0146  D128 0.0140  (2733s)
    block04: raw 0.0090  D8 0.0135  D32 0.0129  D64 0.0126  D128 0.0130  (2736s)
    block05: raw 0.0093  D8 0.0127  D32 0.0124  D64 0.0115  D128 0.0119  (2739s)
    block06: raw 0.0098  D8 0.0124  D32 0.0119  D64 0.0112  D128 0.0113  (2742s)
    block07: raw 0.0117  D8 0.0140  D32 0.0128  D64 0.0126  D128 0.0124  (2744s)
    block08: raw 0.0139  D8 0.0166  D32 0.0135  D64 0.0139  D128 0.0139  (2747s)
    block09: raw 0.0182  D8 0.0216  D32 0.0188  D64 0.0188  D128 0.0193  (2750s)
    block10: raw 0.0212  D8 0.0250  D32 0.0229  D64 0.0227  D128 0.0234  (2753s)
    block11: raw 0.0225  D8 0.0272  D32 0.0260  D64 0.0250  D128 0.0253  (2756s)
    block12: raw 0.0228  D8 0.0281  D32 0.0268  D64 0.0264  D128 0.0269  (2759s)
    block13: raw 0.0259  D8 0.0311  D32 0.0305  D64 0.0302  D128 0.0311  (2762s)
    block14: raw 0.0283  D8 0.0336  D32 0.0332  D64 0.0326  D128 0.0330  (2764s)
    block15: raw 0.0305  D8 0.0347  D32 0.0351  D64 0.0352  D128 0.0353  (2767s)
    block16: raw 0.0319  D8 0.0364  D32 0.0360  D64 0.0361  D128 0.0363  (2770s)
    block17: raw 0.0333  D8 0.0371  D32 0.0375  D64 0.0365  D128 0.0359  (2773s)
    block18: raw 0.0336  D8 0.0371  D32 0.0372  D64 0.0374  D128 0.0365  (2776s)
    block19: raw 0.0337  D8 0.0378  D32 0.0380  D64 0.0381  D128 0.0376  (2779s)
    block20: raw 0.0300  D8 0.0347  D32 0.0370  D64 0.0366  D128 0.0361  (2782s)
    final: raw 0.0295  D8 0.0325  D32 0.0335  D64 0.0328  D128 0.0330  (2784s)
  zs_400m_ck220k (2784s): final 0.0295  best block19 0.0337
