abtt D=[8, 32, 64, 128]: fit on 25,859 experimental train spectra
Loading weights:   0%|          | 0/330 [00:00<?, ?it/s]Loading weights:  28%|██▊       | 92/330 [00:00<00:00, 894.78it/s]Loading weights:  55%|█████▌    | 182/330 [00:00<00:00, 181.10it/s]Loading weights:  68%|██████▊   | 226/330 [00:01<00:00, 169.51it/s]Loading weights:  78%|███████▊  | 257/330 [00:01<00:00, 184.12it/s]Loading weights:  87%|████████▋ | 286/330 [00:01<00:00, 152.81it/s]Loading weights:  93%|█████████▎| 308/330 [00:01<00:00, 158.40it/s]Loading weights: 100%|██████████| 330/330 [00:01<00:00, 189.61it/s]
    block00: raw 0.0006  D8 0.0023  D32 0.0003  D64 0.0002  D128 0.0002  (2457s)
    block01: raw 0.0290  D8 0.1228  D32 0.1741  D64 0.1881  D128 0.1923  (2460s)
    block02: raw 0.0666  D8 0.2029  D32 0.2619  D64 0.2901  D128 0.3088  (2462s)
    block03: raw 0.0995  D8 0.2381  D32 0.2990  D64 0.3241  D128 0.3465  (2465s)
    block04: raw 0.1422  D8 0.2869  D32 0.3426  D64 0.3716  D128 0.3968  (2468s)
    block05: raw 0.1902  D8 0.3413  D32 0.3998  D64 0.4270  D128 0.4471  (2471s)
    block06: raw 0.2442  D8 0.4197  D32 0.4702  D64 0.4928  D128 0.5077  (2474s)
    block07: raw 0.2978  D8 0.4945  D32 0.5345  D64 0.5533  D128 0.5617  (2477s)
    block08: raw 0.3402  D8 0.5462  D32 0.5846  D64 0.5962  D128 0.6020  (2479s)
    block09: raw 0.3797  D8 0.5924  D32 0.6233  D64 0.6302  D128 0.6341  (2482s)
    block10: raw 0.4180  D8 0.6052  D32 0.6386  D64 0.6459  D128 0.6491  (2485s)
    block11: raw 0.4558  D8 0.6306  D32 0.6545  D64 0.6646  D128 0.6669  (2488s)
    block12: raw 0.4964  D8 0.6529  D32 0.6734  D64 0.6831  D128 0.6854  (2491s)
    block13: raw 0.5319  D8 0.6760  D32 0.6901  D64 0.6996  D128 0.7009  (2494s)
    block14: raw 0.5462  D8 0.6774  D32 0.6925  D64 0.7005  D128 0.7028  (2496s)
    block15: raw 0.5546  D8 0.6802  D32 0.6912  D64 0.6992  D128 0.7018  (2499s)
    block16: raw 0.5531  D8 0.6753  D32 0.6849  D64 0.6938  D128 0.6966  (2502s)
    block17: raw 0.5383  D8 0.6638  D32 0.6741  D64 0.6851  D128 0.6883  (2505s)
    block18: raw 0.5169  D8 0.6470  D32 0.6616  D64 0.6739  D128 0.6769  (2507s)
    block19: raw 0.4847  D8 0.6275  D32 0.6503  D64 0.6633  D128 0.6671  (2510s)
    block20: raw 0.4115  D8 0.6009  D32 0.6426  D64 0.6534  D128 0.6583  (2513s)
    final: raw 0.3900  D8 0.5755  D32 0.6016  D64 0.6037  D128 0.6025  (2516s)
  zs_400m_ck330k (2516s): final 0.3900  best block15 0.5546
