abtt D=[8, 32, 64, 128]: fit on 25,859 experimental train spectra
Loading weights:   0%|          | 0/266 [00:00<?, ?it/s]Loading weights:  25%|██▌       | 67/266 [00:00<00:00, 434.45it/s]Loading weights:  42%|████▏     | 111/266 [00:00<00:00, 244.90it/s]Loading weights:  52%|█████▏    | 139/266 [00:00<00:00, 253.92it/s]Loading weights:  63%|██████▎   | 167/266 [00:00<00:00, 224.76it/s]Loading weights:  72%|███████▏  | 191/266 [00:00<00:00, 178.35it/s]Loading weights:  79%|███████▉  | 211/266 [00:01<00:00, 151.35it/s]Loading weights:  88%|████████▊ | 233/266 [00:01<00:00, 161.98it/s]Loading weights: 100%|██████████| 266/266 [00:01<00:00, 211.16it/s]
    block00: raw 0.0002  D8 0.0012  D32 0.0006  D64 0.0002  D128 0.0003  (2551s)
    block01: raw 0.0120  D8 0.0589  D32 0.0845  D64 0.0945  D128 0.0984  (2554s)
    block02: raw 0.0217  D8 0.0718  D32 0.1019  D64 0.1175  D128 0.1270  (2558s)
    block03: raw 0.0297  D8 0.0835  D32 0.1166  D64 0.1311  D128 0.1419  (2563s)
    block04: raw 0.0397  D8 0.1005  D32 0.1357  D64 0.1473  D128 0.1584  (2579s)
    block05: raw 0.0509  D8 0.1195  D32 0.1564  D64 0.1710  D128 0.1819  (2601s)
    block06: raw 0.0576  D8 0.1247  D32 0.1646  D64 0.1775  D128 0.1883  (2613s)
    block07: raw 0.0659  D8 0.1347  D32 0.1784  D64 0.1931  D128 0.2028  (2623s)
    block08: raw 0.0796  D8 0.1571  D32 0.2062  D64 0.2207  D128 0.2274  (2636s)
    block09: raw 0.0933  D8 0.1862  D32 0.2318  D64 0.2452  D128 0.2501  (2642s)
    block10: raw 0.1052  D8 0.2169  D32 0.2592  D64 0.2734  D128 0.2750  (2648s)
    block11: raw 0.1183  D8 0.2475  D32 0.2922  D64 0.3036  D128 0.3045  (2659s)
    block12: raw 0.1222  D8 0.2521  D32 0.2944  D64 0.3048  D128 0.3077  (2669s)
    block13: raw 0.1240  D8 0.2531  D32 0.2912  D64 0.3033  D128 0.3064  (2686s)
    block14: raw 0.1142  D8 0.2280  D32 0.2708  D64 0.2841  D128 0.2868  (2698s)
    block15: raw 0.0985  D8 0.1926  D32 0.2477  D64 0.2607  D128 0.2650  (2727s)
    block16: raw 0.0670  D8 0.1520  D32 0.2148  D64 0.2307  D128 0.2363  (2738s)
    final: raw 0.0592  D8 0.1324  D32 0.1713  D64 0.1778  D128 0.1679  (2750s)
  zs_200m_ck330k (2750s): final 0.0592  best block13 0.1240
