abtt D=[8, 32, 64, 128]: fit on 25,859 experimental train spectra
Loading weights:   0%|          | 0/266 [00:00<?, ?it/s]Loading weights:  26%|██▋       | 70/266 [00:00<00:00, 304.93it/s]Loading weights:  38%|███▊      | 101/266 [00:00<00:00, 238.55it/s]Loading weights:  48%|████▊     | 127/266 [00:00<00:00, 222.03it/s]Loading weights:  56%|█████▌    | 149/266 [00:00<00:00, 217.22it/s]Loading weights:  64%|██████▍   | 171/266 [00:00<00:00, 204.28it/s]Loading weights:  72%|███████▏  | 191/266 [00:00<00:00, 184.97it/s]Loading weights:  79%|███████▉  | 210/266 [00:01<00:00, 161.88it/s]Loading weights:  85%|████████▌ | 227/266 [00:01<00:00, 152.27it/s]Loading weights:  91%|█████████▏| 243/266 [00:01<00:00, 152.59it/s]Loading weights: 100%|██████████| 266/266 [00:01<00:00, 202.49it/s]
    block00: raw 0.0003  D8 0.0012  D32 0.0003  D64 0.0002  D128 0.0003  (2406s)
    block01: raw 0.0109  D8 0.0627  D32 0.0862  D64 0.0958  D128 0.1006  (2409s)
    block02: raw 0.0202  D8 0.0758  D32 0.1072  D64 0.1235  D128 0.1338  (2413s)
    block03: raw 0.0289  D8 0.0883  D32 0.1200  D64 0.1364  D128 0.1480  (2416s)
    block04: raw 0.0399  D8 0.1066  D32 0.1420  D64 0.1587  D128 0.1702  (2419s)
    block05: raw 0.0545  D8 0.1343  D32 0.1768  D64 0.1929  D128 0.2040  (2423s)
    block06: raw 0.0663  D8 0.1507  D32 0.1968  D64 0.2151  D128 0.2258  (2426s)
    block07: raw 0.0833  D8 0.1816  D32 0.2284  D64 0.2480  D128 0.2584  (2430s)
    block08: raw 0.1052  D8 0.2198  D32 0.2781  D64 0.2945  D128 0.3005  (2433s)
    block09: raw 0.1300  D8 0.2710  D32 0.3290  D64 0.3451  D128 0.3488  (2436s)
    block10: raw 0.1531  D8 0.3184  D32 0.3747  D64 0.3869  D128 0.3892  (2439s)
    block11: raw 0.1771  D8 0.3607  D32 0.4122  D64 0.4256  D128 0.4253  (2443s)
    block12: raw 0.1846  D8 0.3677  D32 0.4175  D64 0.4290  D128 0.4299  (2446s)
    block13: raw 0.1871  D8 0.3629  D32 0.4130  D64 0.4252  D128 0.4272  (2449s)
    block14: raw 0.1702  D8 0.3293  D32 0.3870  D64 0.4014  D128 0.4039  (2452s)
    block15: raw 0.1484  D8 0.2882  D32 0.3566  D64 0.3732  D128 0.3731  (2456s)
    block16: raw 0.0988  D8 0.2257  D32 0.3096  D64 0.3272  D128 0.3289  (2459s)
    final: raw 0.0826  D8 0.1921  D32 0.2454  D64 0.2465  D128 0.2323  (2462s)
  zs_200m_ck430k (2462s): final 0.0826  best block13 0.1871
