abtt D=[8, 32, 64, 128]: fit on 25,859 experimental train spectra
Loading weights:   0%|          | 0/266 [00:00<?, ?it/s]Loading weights:  24%|██▍       | 64/266 [00:00<00:00, 531.63it/s]Loading weights:  44%|████▍     | 118/266 [00:00<00:00, 185.26it/s]Loading weights:  55%|█████▌    | 147/266 [00:00<00:00, 187.22it/s]Loading weights:  65%|██████▍   | 172/266 [00:00<00:00, 195.67it/s]Loading weights:  74%|███████▎  | 196/266 [00:01<00:00, 153.63it/s]Loading weights:  81%|████████  | 215/266 [00:01<00:00, 139.97it/s]Loading weights:  89%|████████▉ | 237/266 [00:01<00:00, 151.88it/s]Loading weights: 100%|██████████| 266/266 [00:01<00:00, 184.82it/s]
    block00: raw 0.0002  D8 0.0011  D32 0.0007  D64 0.0003  D128 0.0003  (2564s)
    block01: raw 0.0141  D8 0.0504  D32 0.0705  D64 0.0796  D128 0.0835  (2579s)
    block02: raw 0.0208  D8 0.0575  D32 0.0828  D64 0.0963  D128 0.1024  (2601s)
    block03: raw 0.0281  D8 0.0689  D32 0.0964  D64 0.1087  D128 0.1173  (2613s)
    block04: raw 0.0392  D8 0.0906  D32 0.1203  D64 0.1351  D128 0.1435  (2623s)
    block05: raw 0.0523  D8 0.1137  D32 0.1497  D64 0.1648  D128 0.1756  (2635s)
    block06: raw 0.0606  D8 0.1248  D32 0.1655  D64 0.1820  D128 0.1920  (2641s)
    block07: raw 0.0704  D8 0.1441  D32 0.1883  D64 0.2069  D128 0.2136  (2645s)
    block08: raw 0.0859  D8 0.1798  D32 0.2281  D64 0.2443  D128 0.2497  (2657s)
    block09: raw 0.1110  D8 0.2370  D32 0.2886  D64 0.3036  D128 0.3060  (2664s)
    block10: raw 0.1440  D8 0.3070  D32 0.3607  D64 0.3733  D128 0.3697  (2677s)
    block11: raw 0.1783  D8 0.3635  D32 0.4138  D64 0.4221  D128 0.4211  (2691s)
    block12: raw 0.1842  D8 0.3762  D32 0.4232  D64 0.4329  D128 0.4302  (2717s)
    block13: raw 0.1873  D8 0.3759  D32 0.4242  D64 0.4351  D128 0.4340  (2734s)
    block14: raw 0.1639  D8 0.3379  D32 0.3913  D64 0.4037  D128 0.4008  (2744s)
    block15: raw 0.1363  D8 0.2983  D32 0.3576  D64 0.3671  D128 0.3630  (2752s)
    block16: raw 0.0917  D8 0.2350  D32 0.3122  D64 0.3284  D128 0.3269  (2755s)
    final: raw 0.0840  D8 0.2166  D32 0.2797  D64 0.2798  D128 0.2638  (2758s)
  zs_200m_ck120k (2758s): final 0.0840  best block13 0.1873
