[score] shard 2/8: 1 of 8 models on xpu
Loading weights:   0%|          | 0/330 [00:00<?, ?it/s]Loading weights:  25%|██▌       | 84/330 [00:00<00:00, 772.15it/s]Loading weights:  49%|████▉     | 162/330 [00:00<00:00, 204.21it/s]Loading weights:  61%|██████    | 202/330 [00:00<00:00, 177.50it/s]Loading weights:  70%|██████▉   | 230/330 [00:01<00:00, 166.33it/s]Loading weights:  78%|███████▊  | 259/330 [00:01<00:00, 182.55it/s]Loading weights:  86%|████████▌ | 283/330 [00:01<00:00, 161.24it/s]Loading weights:  92%|█████████▏| 304/330 [00:01<00:00, 161.21it/s]Loading weights: 100%|██████████| 330/330 [00:01<00:00, 192.97it/s]
Traceback (most recent call last):
  File "<frozen runpy>", line 198, in _run_module_as_main
  File "<frozen runpy>", line 88, in _run_code
  File "/home/khuss/code/msdelta/msdelta/eval_grouped_retrieval.py", line 208, in <module>
    raise SystemExit(main())
                     ^^^^^^
  File "/home/khuss/code/msdelta/msdelta/eval_grouped_retrieval.py", line 204, in main
    return prepare(cli) if cli.cmd == "prepare" else score(cli)
                                                     ^^^^^^^^^^
  File "/home/khuss/code/msdelta/msdelta/eval_grouped_retrieval.py", line 170, in score
    metrics = score_model(path, pooling, rows, groups, experimental, collator,
              ^^^^^^^^^^^^^^^^^^^^^^^^^^^^^^^^^^^^^^^^^^^^^^^^^^^^^^^^^^^^^^^^
  File "/home/khuss/code/msdelta/msdelta/eval_grouped_retrieval.py", line 123, in score_model
    _variants(emb, groups, experimental, device,
  File "/home/khuss/code/msdelta/msdelta/eval_grouped_retrieval.py", line 137, in _variants
    metrics = metric(emb[torch.from_numpy(mask)], groups[mask], device=device)
              ^^^^^^^^^^^^^^^^^^^^^^^^^^^^^^^^^^^^^^^^^^^^^^^^^^^^^^^^^^^^^^^^
  File "/home/khuss/code/msdelta/msdelta/contrastive.py", line 710, in retrieval_metrics_topk
    raise ValueError(f"a query has R={int(n_rel_all.max())} relevant items > k={k}; "
ValueError: a query has R=466 relevant items > k=100; use retrieval_metrics_exact or raise k
