[score] shard 1/8: 1 of 8 models on xpu
Loading weights:   0%|          | 0/330 [00:00<?, ?it/s]Loading weights:  27%|██▋       | 90/330 [00:00<00:00, 804.53it/s]Loading weights:  52%|█████▏    | 171/330 [00:00<00:00, 207.80it/s]Loading weights:  64%|██████▍   | 212/330 [00:01<00:00, 176.32it/s]Loading weights:  73%|███████▎  | 241/330 [00:01<00:00, 174.27it/s]Loading weights:  80%|████████  | 265/330 [00:01<00:00, 153.58it/s]Loading weights:  86%|████████▌ | 284/330 [00:01<00:00, 148.25it/s]Loading weights:  91%|█████████ | 301/330 [00:01<00:00, 150.71it/s]Loading weights:  96%|█████████▋| 318/330 [00:01<00:00, 150.88it/s]Loading weights: 100%|██████████| 330/330 [00:01<00:00, 182.40it/s]
Traceback (most recent call last):
  File "<frozen runpy>", line 198, in _run_module_as_main
  File "<frozen runpy>", line 88, in _run_code
  File "/home/khuss/code/msdelta/msdelta/eval_grouped_retrieval.py", line 208, in <module>
    raise SystemExit(main())
                     ^^^^^^
  File "/home/khuss/code/msdelta/msdelta/eval_grouped_retrieval.py", line 204, in main
    return prepare(cli) if cli.cmd == "prepare" else score(cli)
                                                     ^^^^^^^^^^
  File "/home/khuss/code/msdelta/msdelta/eval_grouped_retrieval.py", line 170, in score
    metrics = score_model(path, pooling, rows, groups, experimental, collator,
              ^^^^^^^^^^^^^^^^^^^^^^^^^^^^^^^^^^^^^^^^^^^^^^^^^^^^^^^^^^^^^^^^
  File "/home/khuss/code/msdelta/msdelta/eval_grouped_retrieval.py", line 123, in score_model
    _variants(emb, groups, experimental, device,
  File "/home/khuss/code/msdelta/msdelta/eval_grouped_retrieval.py", line 137, in _variants
    metrics = metric(emb[torch.from_numpy(mask)], groups[mask], device=device)
              ^^^^^^^^^^^^^^^^^^^^^^^^^^^^^^^^^^^^^^^^^^^^^^^^^^^^^^^^^^^^^^^^
  File "/home/khuss/code/msdelta/msdelta/contrastive.py", line 710, in retrieval_metrics_topk
    raise ValueError(f"a query has R={int(n_rel_all.max())} relevant items > k={k}; "
ValueError: a query has R=466 relevant items > k=100; use retrieval_metrics_exact or raise k
