[score] shard 0/8: 1 of 8 models on xpu
Loading weights:   0%|          | 0/330 [00:00<?, ?it/s]Loading weights:  23%|██▎       | 76/330 [00:00<00:00, 692.79it/s]Loading weights:  44%|████▍     | 146/330 [00:00<00:00, 219.95it/s]Loading weights:  56%|█████▌    | 184/330 [00:00<00:00, 188.15it/s]Loading weights:  64%|██████▍   | 211/330 [00:01<00:00, 165.39it/s]Loading weights:  70%|███████   | 232/330 [00:01<00:00, 156.23it/s]Loading weights:  76%|███████▌  | 250/330 [00:01<00:00, 123.91it/s]Loading weights:  80%|████████  | 265/330 [00:01<00:00, 128.07it/s]Loading weights:  85%|████████▍ | 280/330 [00:01<00:00, 131.45it/s]Loading weights:  93%|█████████▎| 306/330 [00:01<00:00, 140.32it/s]Loading weights: 100%|██████████| 330/330 [00:01<00:00, 173.24it/s]
Traceback (most recent call last):
  File "<frozen runpy>", line 198, in _run_module_as_main
  File "<frozen runpy>", line 88, in _run_code
  File "/home/khuss/code/msdelta/msdelta/eval_grouped_retrieval.py", line 208, in <module>
    raise SystemExit(main())
                     ^^^^^^
  File "/home/khuss/code/msdelta/msdelta/eval_grouped_retrieval.py", line 204, in main
    return prepare(cli) if cli.cmd == "prepare" else score(cli)
                                                     ^^^^^^^^^^
  File "/home/khuss/code/msdelta/msdelta/eval_grouped_retrieval.py", line 170, in score
    metrics = score_model(path, pooling, rows, groups, experimental, collator,
              ^^^^^^^^^^^^^^^^^^^^^^^^^^^^^^^^^^^^^^^^^^^^^^^^^^^^^^^^^^^^^^^^
  File "/home/khuss/code/msdelta/msdelta/eval_grouped_retrieval.py", line 123, in score_model
    _variants(emb, groups, experimental, device,
  File "/home/khuss/code/msdelta/msdelta/eval_grouped_retrieval.py", line 137, in _variants
    metrics = metric(emb[torch.from_numpy(mask)], groups[mask], device=device)
              ^^^^^^^^^^^^^^^^^^^^^^^^^^^^^^^^^^^^^^^^^^^^^^^^^^^^^^^^^^^^^^^^
  File "/home/khuss/code/msdelta/msdelta/contrastive.py", line 710, in retrieval_metrics_topk
    raise ValueError(f"a query has R={int(n_rel_all.max())} relevant items > k={k}; "
ValueError: a query has R=466 relevant items > k=100; use retrieval_metrics_exact or raise k
